em em g g em em g g em em g g em em g g em em g g em em g g em em 