g g g g g g g g em em em em em em em em c c c c d d d d g g g g