f f f f f f f dm dm dm dm dm dm dm f f f f f f f dm dm dm dm dm dm dm am am am am am am am dm dm dm am am am g g g g g g g